// Jest Snapshot v1, https://goo.gl/fbAQLP

exports[`ComponentTwo should match the snapshot 1`] = `
<div
  className="container"
>
  <div>
    <Header>
      Component two
    </Header>
    <Nav
      item="/two"
    />
    <p
      className="lead"
    >
      Lorem ipsum dolor sit amet, debitis integer integer viverra, dui mauris feugiat cras facilisis.
    </p>
    <hr
      className="my-4"
    />
    <p>
      Vitaeasdasds sed mi pulvinar, pede nec quisque sed nisl in, sapien nam in tincidunt amet suspendisse vel. Wisi a curabitur. Cum pretium fusce fusce, faucibus etiam ligula, orci pretium ut quam aliquam sociis, arcu luctus. Donec vel lectus quisque vel, libero lorem ac velit quisque bibendum pede, justo imperdiet nullam magna, faucibus euismod dolor.
    </p>
    <Address
      city="Emerald City"
      person="Joe Smith"
      state="VT"
      street="123 Cupcake lane"
      zip="05445"
    />
  </div>
</div>
`;
